0 0 0 0 32 4 0 2 5 0 0 64 0 0 81 255 15 241 0 0 0 0 0 0 0 0 0 0 0 0 0 0 0 0 64 0 0 0 0 0 0 0 0 0 0 0 0 0 0 0 0 0 0 0 0 0 0 0 0 0 0 0 2 255 0 128 0 0 0 1 0 16 0 0 0 0 0 16 0 0 64 0 0 64 0 0 0 0 0 0 0 0 0 0 0 0 255 255 255 255 255 255 255 255 0 0 0 0 0 0 0 0 1 19 1 129 1 26 1 129 1 29 1 129 1 25 1 129 12 0 0 0 0 0 0 0 0 0 0 0 0 48 0 16 0 160 0 16 0 0 0 208 0 16 0 5 0 144 0 16 255 255 255 255 255 255 255 255 0 0 0 0 0 0 0 0 1 19 1 129 1 25 1 129 1 30 1 129 1 29 1 129 12 0 0 0 0 0 0 0 0 0 0 0 0 48 0 16 0 144 0 16 0 0 0 224 0 16 0 5 0 208 0 16 255 255 255 255 255 255 255 255 0 0 0 0 0 0 0 0 1 18 1 130 1 30 1 130 1 19 1 129 1 31 1 129 12 0 0 0 0 0 0 0 0 0 0 0 0 32 0 32 0 224 0 32 0 5 0 48 0 16 0 5 0 240 0 16 0 0 0 0 255 255 255 255 0 0 0 0 0 0 0 0 0 0 0 0 0 0 0 0 0 32 0 32 0 48 0 16 12 0 0 0 0 0 0 0 0 0 0 0 0 0 0 0 0 0 0 0 0 5 1 25 1 40 0 5 1 27 1 24