0 0 0 0 32 4 0 2 5 0 0 64 0 0 81 255 15 241 0 0 0 0 0 0 0 0 0 0 0 0 0 0 0 0 64 0 0 0 0 0 0 0 0 0 0 0 0 0 0 0 0 0 0 0 0 0 0 0 0 0 0 0 2 255 0 80 0 0 0 0 0 18 0 0 0 0 0 16 0 0 64 0 0 64 0 0 0 0 0 0 0 0 0 0 0 0 250 25 50 25 250 25 50 25 0 0 0 0 0 0 0 0 0 32 0 32 1 30 1 130 0 48 0 16 1 31 1 129 12 0 0 0 0 0 0 0 0 0 0 0 1 129 1 130 1 241 1 130 0 5 1 225 1 129 0 5 1 145 1 129 0 0 0 0 255 255 255 255 0 0 0 0 0 0 0 0 0 0 0 0 0 0 0 0 0 32 1 130 0 48 1 129 12 0 2 0 0 0 0 0 0 0 0 0 0 0 0 0 0 0 0 0 0 5 1 42 1 40 0 5 1 59 1 24 0 0 0 0 0 0 0 0 0 0 0 0 0 0 0 0 0 0 0 0 0 0 0 0 0 0 0 0 0 0 0 0 0 0 0 0 0 0 0 0 0 0 0 0 0 0 0 0 0 0 0 0 0 0 0 0 0 0 0 0 0 0 0 0 0 0 0 0 0 0 0 0 0 0 0 0 0 0 0 0 0 0 0 0 0 0 0 0 0 0 0 0 0 0 0 0 0 0 0 0 0 0 0 0 0 0 0 0 0 0 0 0 0 0 0 0 0 0 0 0 0 0 0 0 0 0 0 0