0 0 0 0 32 4 0 2 21 0 0 64 0 0 81 255 15 241 0 0 0 0 0 0 0 0 0 0 0 0 0 0 0 0 64 0 0 0 0 0 0 0 0 0 0 0 0 0 0 0 0 0 0 0 0 0 0 0 0 0 0 0 2 255 0 1 0 16 0 1 0 16 0 0 64 0 0 64 0 0 64 0 0 64 0 0 0 0 0 0 0 0 0 0 0 0 0 0 0 0 0 0 127 254 0 0 0 0 0 0 8 0 0 0 0 0 0 0 0 0 0 0 0 0 0 48 0 16 236 0 0 0 0 0 64 0 0 7 201 0 0 0 0 0 0 0 0 0 0 0 0 0 0 0 108 5 2 16 2 24 0 0 0 0 0 0 127 254 0 0 0 0 0 0 8 0 0 0 0 0 0 0 0 0 0 0 0 0 0 48 0 16 236 0 0 0 0 0 64 0 0 7 201 0 0 0 0 0 0 0 0 0 0 0 0 0 0 0 108 5 2 16 2 24 0 0 0 0 0 0 127 254 0 0 0 0 0 0 8 0 0 0 0 0 0 0 0 0 0 0 0 0 0 48 0 16 236 0 0 0 0 0 4 0 0 7 201 0 0 0 0 0 0 0 0 0 0 0 0 0 0 0 108 5 2 16 2 24 0 0 0 0 0 0 127 254 0 0 0 0 0 0 8 0 0 0 0 0 0 0 0 0 0 0 0 0 0 48 0 16 236 0 0 0 0 0 1 0 0 7 201 0 0 0 0 0 0 0 0 0 0 0 0 0 0 0 108 5 2 16 2 24