0 0 0 0 32 4 0 2 5 0 0 64 0 0 81 255 15 241 0 0 0 0 0 0 0 0 0 0 0 0 0 0 0 0 64 0 0 0 0 0 0 0 0 0 0 0 0 0 0 0 0 0 0 0 0 0 0 0 0 0 0 0 2 255 0 0 0 0 0 0 0 0 0 0 0 0 0 0 0 0 0 0 0 0 0 0 0 0 0 0 0 0 0 0 0 0 255 255 255 255 255 255 255 255 0 0 0 0 0 0 0 0 1 19 1 129 1 29 1 129 1 27 1 129 1 31 1 129 12 0 0 0 0 0 0 0 0 0 0 0 0 48 0 16 0 208 0 16 0 0 0 176 0 16 0 5 0 240 0 16 255 255 255 255 255 255 255 255 0 0 0 0 0 0 0 0 1 19 1 129 1 31 1 129 1 29 1 129 1 27 1 129 12 0 0 0 0 0 0 0 0 0 0 0 0 48 0 16 0 240 0 16 0 0 0 208 0 16 0 5 0 176 0 16 255 255 255 255 255 255 255 255 0 0 0 0 0 0 0 0 1 19 1 129 1 31 1 129 1 25 1 129 1 27 1 129 12 0 0 0 0 0 0 0 0 0 0 0 0 48 0 16 0 240 0 16 0 0 0 144 0 16 0 5 0 176 0 16 255 255 255 255 255 255 255 255 0 0 0 0 0 0 0 0 1 19 1 129 1 29 1 129 1 25 1 129 1 27 1 129 12 0 0 0 0 0 0 0 0 0 0 0 0 48 0 16 0 208 0 16 0 0 0 144 0 16 0 5 0 176 0 16